BL51 BANKED LINKER/LOCATER V6.22.4.0                                                    07/20/2024  09:26:24  PAGE 1


BL51 BANKED LINKER/LOCATER V6.22.4.0, INVOKED BY:
E:\KEIL_V5\C51\BIN\BL51.EXE .\Objects\main.obj TO .\Objects\°æ8x8µ„’Û∆¡æ≤Ã¨°ø PRINT (.\Listings\°æ8x8µ„’Û∆¡æ≤Ã¨°ø.m51) R
>> AMSIZE (256)


MEMORY MODEL: SMALL


INPUT MODULES INCLUDED:
  .\Objects\main.obj (MAIN)
  E:\KEIL_V5\C51\LIB\C51S.LIB (?C_STARTUP)
  E:\KEIL_V5\C51\LIB\C51S.LIB (?C?CLDOPTR)
  E:\KEIL_V5\C51\LIB\C51S.LIB (?C?CSTOPTR)
  E:\KEIL_V5\C51\LIB\C51S.LIB (?C_INIT)


LINK MAP OF MODULE:  .\Objects\°æ8x8µ„’Û∆¡æ≤Ã¨°ø (MAIN)


            TYPE    BASE      LENGTH    RELOCATION   SEGMENT NAME
            -----------------------------------------------------

            * * * * * * *   D A T A   M E M O R Y   * * * * * * *
            REG     0000H     0008H     ABSOLUTE     "REG BANK 0"
            DATA    0008H     000DH     UNIT         ?DT?MAIN
            DATA    0015H     0003H     UNIT         _DATA_GROUP_
            IDATA   0018H     0001H     UNIT         ?STACK

            * * * * * * *   C O D E   M E M O R Y   * * * * * * *
            CODE    0000H     0003H     ABSOLUTE     
                    0003H     0008H                  *** GAP ***
            CODE    000BH     0003H     ABSOLUTE     
            CODE    000EH     00CDH     UNIT         ?PR?_DISPLAY8X8LEDMATRIXDISPLAY?MAIN
            CODE    00DBH     008CH     UNIT         ?C_C51STARTUP
            CODE    0167H     004FH     UNIT         ?C?LIB_CODE
            CODE    01B6H     0043H     UNIT         ?PR?DISPLAY?MAIN
            CODE    01F9H     0015H     UNIT         ?PR?MAIN?MAIN
            CODE    020EH     0014H     UNIT         ?C_INITSEG



OVERLAY MAP OF MODULE:   .\Objects\°æ8x8µ„’Û∆¡æ≤Ã¨°ø (MAIN)


SEGMENT                                        DATA_GROUP 
  +--> CALLED SEGMENT                        START    LENGTH
------------------------------------------------------------
?PR?DISPLAY?MAIN                             -----    -----
  +--> ?PR?_DISPLAY8X8LEDMATRIXDISPLAY?MAIN

?PR?_DISPLAY8X8LEDMATRIXDISPLAY?MAIN         0015H    0003H

*** NEW ROOT ***************************************************

?C_C51STARTUP                                -----    -----
  +--> ?PR?MAIN?MAIN
  +--> ?C_INITSEG

BL51 BANKED LINKER/LOCATER V6.22.4.0                                                  07/20/2024  09:26:24  PAGE 2




SYMBOL TABLE OF MODULE:  .\Objects\°æ8x8µ„’Û∆¡æ≤Ã¨°ø (MAIN)

  VALUE           TYPE          NAME
  ----------------------------------

  -------         MODULE        MAIN
  C:0000H         SYMBOL        _ICE_DUMMY_
  D:0090H         PUBLIC        P1
  D:00B0H         PUBLIC        P3
  B:00A8H.7       PUBLIC        EA
  D:00A8H         PUBLIC        IE
  C:000EH         PUBLIC        _display8x8LEDMatrixDisplay
  D:00B8H         PUBLIC        IP
  C:01F9H         PUBLIC        main
  B:00B0H.5       PUBLIC        HC595_SHIFT_REGISTER_LATCH
  D:0098H         PUBLIC        SCON
  D:0089H         PUBLIC        TMOD
  D:0088H         PUBLIC        TCON
  B:00B0H.4       PUBLIC        HC595_SERIAL_DATA_INPUT
  D:000CH         PUBLIC        test
  B:00A8H.1       PUBLIC        ET0
  D:008CH         PUBLIC        TH0
  D:008AH         PUBLIC        TL0
  B:0088H.4       PUBLIC        TR0
  D:00C8H         PUBLIC        T2CON
  B:00B0H.6       PUBLIC        HC595_INPUT_LATCH
  C:01B6H         PUBLIC        display
  D:00D0H         PUBLIC        PSW
  -------         PROC          _DISPLAY8X8LEDMATRIXDISPLAY
  D:0015H         SYMBOL        p
  -------         DO            
  D:0008H         SYMBOL        i
  D:0007H         SYMBOL        j
  D:0006H         SYMBOL        k
  D:0005H         SYMBOL        buffer
  D:0009H         SYMBOL        history
  C:001DH         SYMBOL        again
  -------         ENDDO         
  C:000EH         LINE#         36
  C:0014H         LINE#         37
  C:0014H         LINE#         39
  C:0016H         LINE#         40
  C:0017H         LINE#         41
  C:0018H         LINE#         44
  C:001DH         LINE#         45
  C:001DH         LINE#         46
  C:001DH         LINE#         47
  C:002DH         LINE#         48
  C:002FH         LINE#         49
  C:0034H         LINE#         50
  C:0034H         LINE#         51
  C:0037H         LINE#         52
  C:0037H         LINE#         54
  C:0037H         LINE#         55
  C:0039H         LINE#         56
BL51 BANKED LINKER/LOCATER V6.22.4.0                                                  07/20/2024  09:26:24  PAGE 3


  C:0039H         LINE#         57
  C:003DH         LINE#         58
  C:003DH         LINE#         59
  C:003FH         LINE#         60
  C:0041H         LINE#         62
  C:0041H         LINE#         63
  C:0043H         LINE#         64
  C:0043H         LINE#         65
  C:0047H         LINE#         66
  C:004BH         LINE#         67
  C:004FH         LINE#         68
  C:005CH         LINE#         69
  C:0062H         LINE#         70
  C:0071H         LINE#         71
  C:0071H         LINE#         72
  C:0073H         LINE#         74
  C:0073H         LINE#         75
  C:0077H         LINE#         76
  C:0077H         LINE#         77
  C:0083H         LINE#         78
  C:008CH         LINE#         79
  C:008EH         LINE#         80
  C:0093H         LINE#         81
  C:0093H         LINE#         82
  C:0096H         LINE#         83
  C:0096H         LINE#         85
  C:0096H         LINE#         86
  C:0098H         LINE#         87
  C:0098H         LINE#         88
  C:009CH         LINE#         89
  C:009CH         LINE#         90
  C:009EH         LINE#         91
  C:00A0H         LINE#         93
  C:00A0H         LINE#         94
  C:00A2H         LINE#         95
  C:00A2H         LINE#         96
  C:00A6H         LINE#         97
  C:00AAH         LINE#         98
  C:00AEH         LINE#         99
  C:00BBH         LINE#         100
  C:00C1H         LINE#         101
  C:00D6H         LINE#         102
  C:00DAH         LINE#         103
  C:00DAH         LINE#         105
  C:00DAH         LINE#         106
  C:00DAH         LINE#         107
  C:00DAH         LINE#         108
  C:00DAH         LINE#         109
  -------         ENDPROC       _DISPLAY8X8LEDMATRIXDISPLAY
  -------         PROC          MAIN
  C:01F9H         LINE#         111
  C:01F9H         LINE#         112
  C:01F9H         LINE#         113
  C:01FBH         LINE#         114
  C:01FDH         LINE#         116
  C:01FFH         LINE#         117
  C:0201H         LINE#         118
BL51 BANKED LINKER/LOCATER V6.22.4.0                                                  07/20/2024  09:26:24  PAGE 4


  C:0204H         LINE#         119
  C:0207H         LINE#         120
  C:020AH         LINE#         121
  C:020CH         LINE#         123
  -------         ENDPROC       MAIN
  -------         PROC          DISPLAY
  C:01B6H         LINE#         126
  C:01D1H         LINE#         128
  C:01D4H         LINE#         129
  C:01D7H         LINE#         130
  C:01E0H         LINE#         131
  -------         ENDPROC       DISPLAY
  -------         ENDMOD        MAIN

  -------         MODULE        ?C?CLDOPTR
  C:0167H         PUBLIC        ?C?CLDOPTR
  -------         ENDMOD        ?C?CLDOPTR

  -------         MODULE        ?C?CSTOPTR
  C:0194H         PUBLIC        ?C?CSTOPTR
  -------         ENDMOD        ?C?CSTOPTR

Program Size: data=25.0 xdata=0 code=538
LINK/LOCATE RUN COMPLETE.  0 WARNING(S),  0 ERROR(S)
