C51 COMPILER V9.60.7.0   FUCKYOU                                                           07/11/2024 12:09:39 PAGE 1   


C51 COMPILER V9.60.7.0, COMPILATION OF MODULE FUCKYOU
OBJECT MODULE PLACED IN .\Objects\fuckyou.obj
COMPILER INVOKED BY: E:\Keil_v5\C51\BIN\C51.EXE fuckyou.c OPTIMIZE(8,SPEED) BROWSE DEBUG OBJECTEXTEND PRINT(.\Listings\f
                    -uckyou.lst) TABS(2) OBJECT(.\Objects\fuckyou.obj)

line level    source

   1          #include<reg52.h>
   2          #include<intrins.h>
   3          
   4          #define CASE(select,code) case select: code; break
   5          
   6          //类型重命名
   7          typedef unsigned char uchar;
   8          typedef unsigned int uint;
   9          typedef unsigned long ulong;
  10          
  11          //按键比特位命名
  12          sbit Key2 = P3^0;
  13          sbit Key3 = P3^1;
  14          sbit Key4 = P3^2;
  15          sbit Key5 = P3^3;
  16          
  17          //LED比特位命名
  18          sbit LED  = P1^0;
  19          
  20          //数码管段选位选比特位命名
  21          sbit DU = P2^6;
  22          sbit WE = P2^7;
  23          
  24          typedef enum sequence
  25          {
  26              First,
  27              Second,
  28              Third,
  29              Fourth,
  30              Fifth,
  31              Sixth,
  32              Seventh,
  33              Eighth   
  34          }sequence;
  35          
  36          //共阴极数码管字符码
  37          uchar Data[] = {
  38                              0x3F,0x06,0x5B,0x4f,0x66,
  39                              0x6D,0x7D,0x07,0x7F,0x6F, 
  40                              0x77,0x7C,0x39,0x5E,0x79,  
  41                              0x71,0x76,0x38,0x40,0x00 
  42                          };
  43          
  44          //显示
  45          ulong number = 65534;
  46          
  47          
  48          void delay(uint span)
  49          {
  50   1          uint i = 0;
  51   1          uint j = 0;
  52   1          for(i=0;i<span;i++)
  53   1          {
  54   2              for(j=0;j<144;j++);
C51 COMPILER V9.60.7.0   FUCKYOU                                                           07/11/2024 12:09:39 PAGE 2   

  55   2          }
  56   1      }
  57          
  58          void main()
  59          {
  60   1          EA =1;
  61   1          ET0 = 1;
  62   1          TH0 =0XFC;
  63   1          TL0= 0X67;
  64   1          TR0 = 1;
  65   1      
  66   1          P0 = 0xff;
  67   1          WE = 1;
  68   1          WE = 0;
  69   1      
  70   1          while(1)
  71   1          {
  72   2              if(Key2 == 0)
  73   2              {
  74   3                  delay(10);
  75   3                  if(Key2 == 0)
  76   3                  {
  77   4                      if(number < 99999999)
  78   4                      {
  79   5                          number++;
  80   5                      }
  81   4                      else
  82   4                      {
  83   5                          ;
  84   5                      }
  85   4                      while(!Key2);
  86   4                  }
  87   3              }
  88   2              if(Key3 == 0)
  89   2              {
  90   3                  delay(10);
  91   3                  if(Key3 == 0)
  92   3                  {
  93   4                      if(number > 0)
  94   4                      {
  95   5                          number--;
  96   5                      }
  97   4                      else
  98   4                      {
  99   5                          ;
 100   5                      }
 101   4                      while(!Key3);
 102   4                  }
 103   3              }
 104   2          }
 105   1      }
 106          
 107          void display()
 108          {
 109   1          static sequence i =  First;
 110   1          P0 = 0x00;
 111   1          switch(i)
 112   1          {
 113   2              CASE(First,DU =1; P0 = Data[number/10000000];DU = 0;i = Second;);
 114   2              CASE(Second,DU =1; P0 = Data[number%10000000/1000000];DU = 0;i = Third;);
 115   2              CASE(Third,DU =1; P0 = Data[number%1000000/100000];DU = 0;i = Fourth;);
 116   2              CASE(Fourth,DU =1; P0 = Data[number%100000/10000];DU = 0;i = Fifth;);
C51 COMPILER V9.60.7.0   FUCKYOU                                                           07/11/2024 12:09:39 PAGE 3   

 117   2              CASE(Fifth,DU =1; P0 = Data[number%10000/1000];DU = 0;i = Sixth;);
 118   2              CASE(Sixth,DU =1; P0 = Data[number%1000/100];DU = 0;i = Seventh;);
 119   2              CASE(Seventh,DU =1; P0 = Data[number%100/10];DU = 0;i = Eighth;);
 120   2              CASE(Eighth,DU =1; P0 = Data[number%10];DU = 0;i = First;);
 121   2          }
 122   1      }
 123          
 124          void timer0() interrupt 1
 125          {
 126   1          TH0 =0XFC;
 127   1          TL0= 0X67;
 128   1          display();
 129   1      }


MODULE INFORMATION:   STATIC OVERLAYABLE
   CODE SIZE        =    653    ----
   CONSTANT SIZE    =   ----    ----
   XDATA SIZE       =   ----    ----
   PDATA SIZE       =   ----    ----
   DATA SIZE        =     25    ----
   IDATA SIZE       =   ----    ----
   BIT SIZE         =   ----    ----
END OF MODULE INFORMATION.


C51 COMPILATION COMPLETE.  0 WARNING(S),  0 ERROR(S)
