BL51 BANKED LINKER/LOCATER V6.22.4.0                                                    07/11/2024  17:14:47  PAGE 1


BL51 BANKED LINKER/LOCATER V6.22.4.0, INVOKED BY:
E:\KEIL_V5\C51\BIN\BL51.EXE .\Objects\fuckyou.obj TO .\Objects\°æ∂¿¡¢º¸≈Ã°ø PRINT (.\Listings\°æ∂¿¡¢º¸≈Ã°ø.m51) RAMSIZE 
>> (256)


MEMORY MODEL: SMALL


INPUT MODULES INCLUDED:
  .\Objects\fuckyou.obj (FUCKYOU)
  E:\KEIL_V5\C51\LIB\C51S.LIB (?C_STARTUP)
  E:\KEIL_V5\C51\LIB\C51S.LIB (?C?ULDIV)
  E:\KEIL_V5\C51\LIB\C51S.LIB (?C?ULCMP)
  E:\KEIL_V5\C51\LIB\C51S.LIB (?C_INIT)


LINK MAP OF MODULE:  .\Objects\°æ∂¿¡¢º¸≈Ã°ø (FUCKYOU)


            TYPE    BASE      LENGTH    RELOCATION   SEGMENT NAME
            -----------------------------------------------------

            * * * * * * *   D A T A   M E M O R Y   * * * * * * *
            REG     0000H     0008H     ABSOLUTE     "REG BANK 0"
            DATA    0008H     001AH     UNIT         ?DT?FUCKYOU
            IDATA   0022H     0001H     UNIT         ?STACK

            * * * * * * *   C O D E   M E M O R Y   * * * * * * *
            CODE    0000H     0003H     ABSOLUTE     
                    0003H     0008H                  *** GAP ***
            CODE    000BH     0003H     ABSOLUTE     
            CODE    000EH     022EH     UNIT         ?PR?DISPLAY?FUCKYOU
            CODE    023CH     00DFH     UNIT         ?C?LIB_CODE
            CODE    031BH     0092H     UNIT         ?PR?MAIN?FUCKYOU
            CODE    03ADH     008CH     UNIT         ?C_C51STARTUP
            CODE    0439H     0041H     UNIT         ?PR?TIMER0?FUCKYOU
            CODE    047AH     0023H     UNIT         ?C_INITSEG
            CODE    049DH     0020H     UNIT         ?PR?_DELAY?FUCKYOU



OVERLAY MAP OF MODULE:   .\Objects\°æ∂¿¡¢º¸≈Ã°ø (FUCKYOU)


SEGMENT
  +--> CALLED SEGMENT
---------------------
?PR?TIMER0?FUCKYOU
  +--> ?PR?DISPLAY?FUCKYOU

*** NEW ROOT ***************************************************

?C_C51STARTUP
  +--> ?PR?MAIN?FUCKYOU
  +--> ?C_INITSEG

?PR?MAIN?FUCKYOU
  +--> ?PR?_DELAY?FUCKYOU
BL51 BANKED LINKER/LOCATER V6.22.4.0                                                  07/11/2024  17:14:47  PAGE 2





SYMBOL TABLE OF MODULE:  .\Objects\°æ∂¿¡¢º¸≈Ã°ø (FUCKYOU)

  VALUE           TYPE          NAME
  ----------------------------------

  -------         MODULE        FUCKYOU
  C:0000H         SYMBOL        _ICE_DUMMY_
  D:0080H         PUBLIC        P0
  D:0090H         PUBLIC        P1
  D:00A0H         PUBLIC        P2
  D:00B0H         PUBLIC        P3
  B:00A8H.7       PUBLIC        EA
  D:000AH         PUBLIC        number
  D:00A8H         PUBLIC        IE
  C:049DH         PUBLIC        _delay
  B:00A0H.6       PUBLIC        DU
  D:00B8H         PUBLIC        IP
  B:00A0H.7       PUBLIC        WE
  C:031BH         PUBLIC        main
  D:0098H         PUBLIC        SCON
  D:0088H         PUBLIC        TCON
  B:00A8H.1       PUBLIC        ET0
  D:008CH         PUBLIC        TH0
  D:008AH         PUBLIC        TL0
  C:0439H         PUBLIC        timer0
  B:0090H.0       PUBLIC        LED
  B:0088H.4       PUBLIC        TR0
  B:00B0H.0       PUBLIC        Key2
  B:00B0H.1       PUBLIC        Key3
  D:00C8H         PUBLIC        T2CON
  C:000EH         PUBLIC        display
  D:00D0H         PUBLIC        PSW
  D:000EH         PUBLIC        Data
  -------         PROC          _DELAY
  D:0006H         SYMBOL        span
  -------         DO            
  D:0004H         SYMBOL        i
  D:0002H         SYMBOL        j
  -------         ENDDO         
  C:049DH         LINE#         48
  C:049DH         LINE#         49
  C:049DH         LINE#         50
  C:04A0H         LINE#         51
  C:04A0H         LINE#         52
  C:04A7H         LINE#         53
  C:04A7H         LINE#         54
  C:04B5H         LINE#         55
  C:04BCH         LINE#         56
  -------         ENDPROC       _DELAY
  -------         PROC          MAIN
  C:031BH         LINE#         58
  C:031BH         LINE#         59
  C:031BH         LINE#         60
  C:031DH         LINE#         61
BL51 BANKED LINKER/LOCATER V6.22.4.0                                                  07/11/2024  17:14:47  PAGE 3


  C:031FH         LINE#         62
  C:0322H         LINE#         63
  C:0325H         LINE#         64
  C:0327H         LINE#         66
  C:032AH         LINE#         67
  C:032CH         LINE#         68
  C:032EH         LINE#         70
  C:032EH         LINE#         71
  C:032EH         LINE#         72
  C:0331H         LINE#         73
  C:0331H         LINE#         74
  C:0338H         LINE#         75
  C:033BH         LINE#         76
  C:033BH         LINE#         77
  C:033DH         LINE#         78
  C:0353H         LINE#         79
  C:0353H         LINE#         80
  C:0368H         LINE#         81
  C:0368H         LINE#         83
  C:0368H         LINE#         85
  C:0368H         LINE#         86
  C:036AH         LINE#         87
  C:036DH         LINE#         88
  C:036DH         LINE#         89
  C:036DH         LINE#         90
  C:0370H         LINE#         91
  C:0370H         LINE#         92
  C:0377H         LINE#         93
  C:037AH         LINE#         94
  C:037AH         LINE#         95
  C:037CH         LINE#         96
  C:038EH         LINE#         97
  C:038EH         LINE#         98
  C:03A6H         LINE#         99
  C:03A6H         LINE#         101
  C:03A6H         LINE#         103
  C:03A6H         LINE#         104
  C:03A8H         LINE#         105
  -------         ENDPROC       MAIN
  -------         PROC          DISPLAY
  -------         DO            
  D:0008H         SYMBOL        i
  D:0009H         SYMBOL        position
  -------         ENDDO         
  C:000EH         LINE#         111
  C:000EH         LINE#         112
  C:000EH         LINE#         115
  C:0010H         LINE#         116
  C:0013H         LINE#         117
  C:0015H         LINE#         118
  C:003EH         LINE#         119
  C:003EH         LINE#         120
  C:0071H         LINE#         121
  C:00B7H         LINE#         122
  C:00FDH         LINE#         123
  C:0142H         LINE#         124
  C:0186H         LINE#         125
BL51 BANKED LINKER/LOCATER V6.22.4.0                                                  07/11/2024  17:14:47  PAGE 4


  C:01C9H         LINE#         126
  C:020BH         LINE#         127
  C:023BH         LINE#         128
  C:023BH         LINE#         129
  -------         ENDPROC       DISPLAY
  -------         PROC          TIMER0
  C:0439H         LINE#         132
  C:0456H         LINE#         134
  C:0459H         LINE#         135
  C:045CH         LINE#         136
  C:045FH         LINE#         137
  -------         ENDPROC       TIMER0
  -------         ENDMOD        FUCKYOU

  -------         MODULE        ?C?ULDIV
  C:0278H         PUBLIC        ?C?ULDIV
  -------         ENDMOD        ?C?ULDIV

  -------         MODULE        ?C?ULCMP
  C:030AH         PUBLIC        ?C?ULCMP
  -------         ENDMOD        ?C?ULCMP

Program Size: data=35.0 xdata=0 code=1205
LINK/LOCATE RUN COMPLETE.  0 WARNING(S),  0 ERROR(S)
