BL51 BANKED LINKER/LOCATER V6.22.4.0                                                    07/13/2024  12:33:50  PAGE 1


BL51 BANKED LINKER/LOCATER V6.22.4.0, INVOKED BY:
E:\KEIL_V5\C51\BIN\BL51.EXE .\Objects\fuckyou.obj, .\Objects\prefer.obj TO .\Objects\°æ∂¿¡¢º¸≈Ã°ø PRINT (.\Listings\°æ∂¿
>> ¡¢º¸≈Ã°ø.m51) RAMSIZE (256)


MEMORY MODEL: SMALL


INPUT MODULES INCLUDED:
  .\Objects\fuckyou.obj (FUCKYOU)
  .\Objects\prefer.obj (PREFER)
  E:\KEIL_V5\C51\LIB\C51S.LIB (?C_STARTUP)
  E:\KEIL_V5\C51\LIB\C51S.LIB (?C_INIT)


LINK MAP OF MODULE:  .\Objects\°æ∂¿¡¢º¸≈Ã°ø (FUCKYOU)


            TYPE    BASE      LENGTH    RELOCATION   SEGMENT NAME
            -----------------------------------------------------

            * * * * * * *   D A T A   M E M O R Y   * * * * * * *
            REG     0000H     0008H     ABSOLUTE     "REG BANK 0"
            DATA    0008H     0015H     UNIT         ?DT?PREFER
                    001DH     0003H                  *** GAP ***
            BIT     0020H.0   0000H.1   UNIT         ?BI?PREFER
            BIT     0020H.1   0000H.1   UNIT         _BIT_GROUP_
                    0020H.2   0000H.6                *** GAP ***
            IDATA   0021H     0001H     UNIT         ?STACK

            * * * * * * *   C O D E   M E M O R Y   * * * * * * *
            CODE    0000H     0003H     ABSOLUTE     
                    0003H     0008H                  *** GAP ***
            CODE    000BH     0003H     ABSOLUTE     
            CODE    000EH     008CH     UNIT         ?C_C51STARTUP
            CODE    009AH     004CH     UNIT         ?PR?MAIN?PREFER
            CODE    00E6H     0031H     UNIT         ?PR?ISKEY?PREFER
            CODE    0117H     001CH     UNIT         ?C_INITSEG



OVERLAY MAP OF MODULE:   .\Objects\°æ∂¿¡¢º¸≈Ã°ø (FUCKYOU)


SEGMENT                           BIT_GROUP 
  +--> CALLED SEGMENT          START    LENGTH
----------------------------------------------
?C_C51STARTUP                  -----    -----
  +--> ?PR?MAIN?PREFER
  +--> ?C_INITSEG

?PR?MAIN?PREFER                0020H.1  0000H.1



SYMBOL TABLE OF MODULE:  .\Objects\°æ∂¿¡¢º¸≈Ã°ø (FUCKYOU)

  VALUE           TYPE          NAME
BL51 BANKED LINKER/LOCATER V6.22.4.0                                                  07/13/2024  12:33:50  PAGE 2


  ----------------------------------

  -------         MODULE        FUCKYOU
  C:0000H         SYMBOL        _ICE_DUMMY_
  -------         ENDMOD        FUCKYOU

  -------         MODULE        PREFER
  C:0000H         SYMBOL        _ICE_DUMMY_
  D:0080H         PUBLIC        P0
  D:0090H         PUBLIC        P1
  D:00A0H         PUBLIC        P2
  D:00B0H         PUBLIC        P3
  B:00A8H.7       PUBLIC        EA
  D:00A8H         PUBLIC        IE
  B:0020H.0       PUBLIC        newkey
  B:00A0H.6       PUBLIC        DU
  D:00B8H         PUBLIC        IP
  B:00A0H.7       PUBLIC        WE
  C:009AH         PUBLIC        main
  C:00E6H         PUBLIC        iskey
  D:0098H         PUBLIC        SCON
  D:0089H         PUBLIC        TMOD
  D:0088H         PUBLIC        TCON
  B:00A8H.1       PUBLIC        ET0
  D:008CH         PUBLIC        TH0
  D:008AH         PUBLIC        TL0
  B:0088H.4       PUBLIC        TR0
  B:00B0H.0       PUBLIC        Key2
  D:00C8H         PUBLIC        T2CON
  D:00D0H         PUBLIC        PSW
  D:0009H         PUBLIC        Data
  -------         PROC          MAIN
  -------         DO            
  B:0020H.1       SYMBOL        prevkey
  D:0007H         SYMBOL        number
  -------         ENDDO         
  C:009AH         LINE#         98
  C:009AH         LINE#         99
  C:009AH         LINE#         100
  C:009CH         LINE#         101
  C:009EH         LINE#         104
  C:00A0H         LINE#         105
  C:00A2H         LINE#         106
  C:00A4H         LINE#         110
  C:00A7H         LINE#         111
  C:00A9H         LINE#         112
  C:00ABH         LINE#         114
  C:00B1H         LINE#         115
  C:00B3H         LINE#         116
  C:00B5H         LINE#         119
  C:00B7H         LINE#         120
  C:00B9H         LINE#         121
  C:00BCH         LINE#         123
  C:00BFH         LINE#         124
  C:00C2H         LINE#         125
  C:00C4H         LINE#         127
  C:00C4H         LINE#         128
BL51 BANKED LINKER/LOCATER V6.22.4.0                                                  07/13/2024  12:33:50  PAGE 3


  C:00C4H         LINE#         129
  C:00CCH         LINE#         130
  C:00CCH         LINE#         131
  C:00CFH         LINE#         132
  C:00CFH         LINE#         133
  C:00D0H         LINE#         134
  C:00D3H         LINE#         135
  C:00D3H         LINE#         136
  C:00D5H         LINE#         137
  C:00D5H         LINE#         139
  C:00DCH         LINE#         140
  C:00DEH         LINE#         141
  C:00E0H         LINE#         143
  C:00E4H         LINE#         144
  -------         ENDPROC       MAIN
  -------         PROC          ISKEY
  -------         DO            
  D:0008H         SYMBOL        keyhistory
  -------         ENDDO         
  C:00E6H         LINE#         154
  C:00EFH         LINE#         159
  C:00F2H         LINE#         160
  C:00F5H         LINE#         162
  C:00F7H         LINE#         164
  C:0103H         LINE#         166
  C:0105H         LINE#         167
  C:0105H         LINE#         168
  C:0107H         LINE#         169
  C:0109H         LINE#         170
  C:010EH         LINE#         171
  C:010EH         LINE#         172
  C:0110H         LINE#         173
  C:0110H         LINE#         175
  C:0110H         LINE#         177
  C:0110H         LINE#         178
  -------         ENDPROC       ISKEY
  -------         ENDMOD        PREFER

Program Size: data=30.2 xdata=0 code=299
LINK/LOCATE RUN COMPLETE.  0 WARNING(S),  0 ERROR(S)
