BL51 BANKED LINKER/LOCATER V6.22.4.0                                                    07/11/2024  12:09:39  PAGE 1


BL51 BANKED LINKER/LOCATER V6.22.4.0, INVOKED BY:
E:\KEIL_V5\C51\BIN\BL51.EXE .\Objects\fuckyou.obj TO .\Objects\°æ∂¿¡¢º¸≈Ã°ø PRINT (.\Listings\°æ∂¿¡¢º¸≈Ã°ø.m51) RAMSIZE 
>> (256)


MEMORY MODEL: SMALL


INPUT MODULES INCLUDED:
  .\Objects\fuckyou.obj (FUCKYOU)
  E:\KEIL_V5\C51\LIB\C51S.LIB (?C_STARTUP)
  E:\KEIL_V5\C51\LIB\C51S.LIB (?C?ULDIV)
  E:\KEIL_V5\C51\LIB\C51S.LIB (?C?ULCMP)
  E:\KEIL_V5\C51\LIB\C51S.LIB (?C_INIT)


LINK MAP OF MODULE:  .\Objects\°æ∂¿¡¢º¸≈Ã°ø (FUCKYOU)


            TYPE    BASE      LENGTH    RELOCATION   SEGMENT NAME
            -----------------------------------------------------

            * * * * * * *   D A T A   M E M O R Y   * * * * * * *
            REG     0000H     0008H     ABSOLUTE     "REG BANK 0"
            DATA    0008H     0019H     UNIT         ?DT?FUCKYOU
            IDATA   0021H     0001H     UNIT         ?STACK

            * * * * * * *   C O D E   M E M O R Y   * * * * * * *
            CODE    0000H     0003H     ABSOLUTE     
                    0003H     0008H                  *** GAP ***
            CODE    000BH     0003H     ABSOLUTE     
            CODE    000EH     01A2H     UNIT         ?PR?DISPLAY?FUCKYOU
            CODE    01B0H     00DFH     UNIT         ?C?LIB_CODE
            CODE    028FH     008CH     UNIT         ?C_C51STARTUP
            CODE    031BH     008AH     UNIT         ?PR?MAIN?FUCKYOU
            CODE    03A5H     0041H     UNIT         ?PR?TIMER0?FUCKYOU
            CODE    03E6H     0020H     UNIT         ?PR?_DELAY?FUCKYOU
            CODE    0406H     0020H     UNIT         ?C_INITSEG



OVERLAY MAP OF MODULE:   .\Objects\°æ∂¿¡¢º¸≈Ã°ø (FUCKYOU)


SEGMENT
  +--> CALLED SEGMENT
---------------------
?PR?TIMER0?FUCKYOU
  +--> ?PR?DISPLAY?FUCKYOU

*** NEW ROOT ***************************************************

?C_C51STARTUP
  +--> ?PR?MAIN?FUCKYOU
  +--> ?C_INITSEG

?PR?MAIN?FUCKYOU
  +--> ?PR?_DELAY?FUCKYOU
BL51 BANKED LINKER/LOCATER V6.22.4.0                                                  07/11/2024  12:09:39  PAGE 2





SYMBOL TABLE OF MODULE:  .\Objects\°æ∂¿¡¢º¸≈Ã°ø (FUCKYOU)

  VALUE           TYPE          NAME
  ----------------------------------

  -------         MODULE        FUCKYOU
  C:0000H         SYMBOL        _ICE_DUMMY_
  D:0080H         PUBLIC        P0
  D:0090H         PUBLIC        P1
  D:00A0H         PUBLIC        P2
  D:00B0H         PUBLIC        P3
  B:00A8H.7       PUBLIC        EA
  D:0009H         PUBLIC        number
  D:00A8H         PUBLIC        IE
  C:03E6H         PUBLIC        _delay
  B:00A0H.6       PUBLIC        DU
  D:00B8H         PUBLIC        IP
  B:00A0H.7       PUBLIC        WE
  C:031BH         PUBLIC        main
  D:0098H         PUBLIC        SCON
  D:0088H         PUBLIC        TCON
  B:00A8H.1       PUBLIC        ET0
  D:008CH         PUBLIC        TH0
  D:008AH         PUBLIC        TL0
  C:03A5H         PUBLIC        timer0
  B:0088H.4       PUBLIC        TR0
  B:00B0H.0       PUBLIC        Key2
  B:00B0H.1       PUBLIC        Key3
  D:00C8H         PUBLIC        T2CON
  C:000EH         PUBLIC        display
  D:00D0H         PUBLIC        PSW
  D:000DH         PUBLIC        Data
  -------         PROC          _DELAY
  D:0006H         SYMBOL        span
  -------         DO            
  D:0004H         SYMBOL        i
  D:0002H         SYMBOL        j
  -------         ENDDO         
  C:03E6H         LINE#         48
  C:03E6H         LINE#         49
  C:03E6H         LINE#         50
  C:03E9H         LINE#         51
  C:03E9H         LINE#         52
  C:03F0H         LINE#         53
  C:03F0H         LINE#         54
  C:03FEH         LINE#         55
  C:0405H         LINE#         56
  -------         ENDPROC       _DELAY
  -------         PROC          MAIN
  C:031BH         LINE#         58
  C:031BH         LINE#         59
  C:031BH         LINE#         60
  C:031DH         LINE#         61
  C:031FH         LINE#         62
BL51 BANKED LINKER/LOCATER V6.22.4.0                                                  07/11/2024  12:09:39  PAGE 3


  C:0322H         LINE#         63
  C:0325H         LINE#         64
  C:0327H         LINE#         66
  C:032AH         LINE#         67
  C:032CH         LINE#         68
  C:032EH         LINE#         70
  C:032EH         LINE#         71
  C:032EH         LINE#         72
  C:0331H         LINE#         73
  C:0331H         LINE#         74
  C:0338H         LINE#         75
  C:033BH         LINE#         76
  C:033BH         LINE#         77
  C:0351H         LINE#         78
  C:0351H         LINE#         79
  C:0366H         LINE#         80
  C:0366H         LINE#         82
  C:0366H         LINE#         84
  C:0366H         LINE#         85
  C:0369H         LINE#         86
  C:0369H         LINE#         87
  C:0369H         LINE#         88
  C:036CH         LINE#         89
  C:036CH         LINE#         90
  C:0373H         LINE#         91
  C:0376H         LINE#         92
  C:0376H         LINE#         93
  C:0388H         LINE#         94
  C:0388H         LINE#         95
  C:03A0H         LINE#         96
  C:03A0H         LINE#         98
  C:03A0H         LINE#         100
  C:03A0H         LINE#         101
  -------         ENDPROC       MAIN
  -------         PROC          DISPLAY
  -------         DO            
  D:0008H         SYMBOL        i
  -------         ENDDO         
  C:000EH         LINE#         107
  C:000EH         LINE#         108
  C:000EH         LINE#         110
  C:0011H         LINE#         111
  C:003AH         LINE#         112
  C:003AH         LINE#         113
  C:005CH         LINE#         114
  C:0091H         LINE#         115
  C:00C6H         LINE#         116
  C:00FAH         LINE#         117
  C:012DH         LINE#         118
  C:015FH         LINE#         119
  C:0190H         LINE#         120
  C:01AFH         LINE#         121
  C:01AFH         LINE#         122
  -------         ENDPROC       DISPLAY
  -------         PROC          TIMER0
  C:03A5H         LINE#         124
  C:03C2H         LINE#         126
BL51 BANKED LINKER/LOCATER V6.22.4.0                                                  07/11/2024  12:09:39  PAGE 4


  C:03C5H         LINE#         127
  C:03C8H         LINE#         128
  C:03CBH         LINE#         129
  -------         ENDPROC       TIMER0
  -------         ENDMOD        FUCKYOU

  -------         MODULE        ?C?ULDIV
  C:01ECH         PUBLIC        ?C?ULDIV
  -------         ENDMOD        ?C?ULDIV

  -------         MODULE        ?C?ULCMP
  C:027EH         PUBLIC        ?C?ULCMP
  -------         ENDMOD        ?C?ULCMP

Program Size: data=34.0 xdata=0 code=1054
LINK/LOCATE RUN COMPLETE.  0 WARNING(S),  0 ERROR(S)
